// Jest Snapshot v1, https://goo.gl/fbAQLP

exports[`MyComponent Render correctly 1`] = `
<div
  class="v-card v-sheet theme--light"
>
  <div
    class="v-card__title"
  >
    Add new employee
  </div>
   
  <div
    class="v-card__text"
  >
    <form
      class="v-form"
      novalidate="novalidate"
    >
      <div
        class="v-input v-input--dense theme--light v-text-field v-text-field--enclosed v-text-field--outlined"
      >
        <div
          class="v-input__control"
        >
          <div
            class="v-input__slot"
          >
            <fieldset
              aria-hidden="true"
            >
              <legend
                style="width: 0px;"
              >
                <span
                  class="notranslate"
                >
                  ​
                </span>
              </legend>
            </fieldset>
            <div
              class="v-text-field__slot"
            >
              <label
                class="v-label theme--light"
                for="input-4"
                style="right: 0px; position: absolute;"
              >
                Name
              </label>
              <input
                id="input-4"
                type="text"
              />
            </div>
          </div>
          <div
            class="v-text-field__details"
          >
            <div
              class="v-messages theme--light"
            >
              <transition-group-stub
                class="v-messages__wrapper"
                name="message-transition"
                tag="div"
              />
            </div>
          </div>
        </div>
      </div>
       
      <div
        class="v-input v-input--dense theme--light v-text-field v-text-field--enclosed v-text-field--outlined"
      >
        <div
          class="v-input__control"
        >
          <div
            class="v-input__slot"
          >
            <fieldset
              aria-hidden="true"
            >
              <legend
                style="width: 0px;"
              >
                <span
                  class="notranslate"
                >
                  ​
                </span>
              </legend>
            </fieldset>
            <div
              class="v-text-field__slot"
            >
              <label
                class="v-label theme--light"
                for="input-7"
                style="right: 0px; position: absolute;"
              >
                Email
              </label>
              <input
                id="input-7"
                type="text"
              />
            </div>
          </div>
          <div
            class="v-text-field__details"
          >
            <div
              class="v-messages theme--light"
            >
              <transition-group-stub
                class="v-messages__wrapper"
                name="message-transition"
                tag="div"
              />
            </div>
          </div>
        </div>
      </div>
    </form>
     
    <div
      class="col"
    >
      <button
        class="info v-btn v-btn--block v-btn--is-elevated v-btn--has-bg theme--light v-size--default"
        type="button"
      >
        <span
          class="v-btn__content"
        >
          Clean
        </span>
      </button>
       
      <!---->
       
      <button
        class="success mt-1 v-btn v-btn--block v-btn--is-elevated v-btn--has-bg theme--light v-size--default"
        type="button"
      >
        <span
          class="v-btn__content"
        >
          Add
        </span>
      </button>
    </div>
  </div>
   
  <div
    class="v-dialog__container"
    role="dialog"
  >
    <!---->
  </div>
   
  <div
    class="v-dialog__container"
    role="dialog"
  >
    <!---->
  </div>
</div>
`;
